{"timestamp":"2025-12-10T16:00:07.469112","level":"info","event":"DAG bundles loaded: dags-folder","logger":"airflow.dag_processing.bundles.manager.DagBundlesManager"}
{"timestamp":"2025-12-10T16:00:07.471481","level":"info","event":"Filling up the DagBag from /opt/airflow/dags/orchestrate_glue_job.py","logger":"airflow.models.dagbag.DagBag"}
{"timestamp":"2025-12-10T16:00:07.851966","level":"info","event":"Initializing AWS Glue Job: staging_to_curated. Wait for completion: True","logger":"airflow.task.operators.airflow.providers.amazon.aws.operators.glue.GlueJobOperator"}
{"timestamp":"2025-12-10T16:00:07.852325","level":"info","event":"Checking if job already exists: staging_to_curated","logger":"airflow.task.hooks.airflow.providers.amazon.aws.hooks.glue.GlueJobHook"}
{"timestamp":"2025-12-10T16:00:07.854598","level":"info","event":"Secrets backends loaded for worker","count":1,"backend_classes":["EnvironmentVariablesBackend"],"logger":"supervisor"}
{"timestamp":"2025-12-10T16:00:08.240883","level":"info","event":"Connection Retrieved 'aws_default'","logger":"airflow.hooks.base"}
{"timestamp":"2025-12-10T16:00:08.241479","level":"info","event":"AWS Connection (conn_id='aws_default', conn_type='aws') credentials retrieved from login and password.","logger":"airflow.providers.amazon.aws.utils.connection_wrapper.AwsConnectionWrapper"}
{"timestamp":"2025-12-10T16:00:08.242280","level":"info","event":"AWS Connection (conn_id='aws_default', conn_type='aws') session token retrieved from extra, please note you are responsible for renewing these.","logger":"airflow.providers.amazon.aws.utils.connection_wrapper.AwsConnectionWrapper"}
{"timestamp":"2025-12-10T16:00:12.599747","level":"info","event":"You can monitor this Glue Job run at: https://console.aws.amazon.com/gluestudio/home?region=ap-south-1#/job/staging_to_curated/run/jr_650277475907bfdae1c97e1f7a44443bac93b147d1332ca7c07ad421d49136a1","logger":"airflow.task.operators.airflow.providers.amazon.aws.operators.glue.GlueJobOperator"}
{"timestamp":"2025-12-10T16:00:12.694473","level":"info","event":"Polling for AWS Glue Job staging_to_curated current run state with status RUNNING","logger":"airflow.task.hooks.airflow.providers.amazon.aws.hooks.glue.GlueJobHook"}
{"timestamp":"2025-12-10T16:00:18.831481","level":"info","event":"Polling for AWS Glue Job staging_to_curated current run state with status RUNNING","logger":"airflow.task.hooks.airflow.providers.amazon.aws.hooks.glue.GlueJobHook"}
{"timestamp":"2025-12-10T16:00:24.934117","level":"info","event":"Polling for AWS Glue Job staging_to_curated current run state with status RUNNING","logger":"airflow.task.hooks.airflow.providers.amazon.aws.hooks.glue.GlueJobHook"}
{"timestamp":"2025-12-10T16:00:31.031308","level":"info","event":"Polling for AWS Glue Job staging_to_curated current run state with status RUNNING","logger":"airflow.task.hooks.airflow.providers.amazon.aws.hooks.glue.GlueJobHook"}
{"timestamp":"2025-12-10T16:00:37.123045","level":"info","event":"Polling for AWS Glue Job staging_to_curated current run state with status RUNNING","logger":"airflow.task.hooks.airflow.providers.amazon.aws.hooks.glue.GlueJobHook"}
{"timestamp":"2025-12-10T16:00:43.237929","level":"info","event":"Polling for AWS Glue Job staging_to_curated current run state with status RUNNING","logger":"airflow.task.hooks.airflow.providers.amazon.aws.hooks.glue.GlueJobHook"}
{"timestamp":"2025-12-10T16:00:49.329776","level":"info","event":"Polling for AWS Glue Job staging_to_curated current run state with status RUNNING","logger":"airflow.task.hooks.airflow.providers.amazon.aws.hooks.glue.GlueJobHook"}
{"timestamp":"2025-12-10T16:00:55.443343","level":"info","event":"Polling for AWS Glue Job staging_to_curated current run state with status RUNNING","logger":"airflow.task.hooks.airflow.providers.amazon.aws.hooks.glue.GlueJobHook"}
{"timestamp":"2025-12-10T16:01:01.513380","level":"info","event":"Polling for AWS Glue Job staging_to_curated current run state with status RUNNING","logger":"airflow.task.hooks.airflow.providers.amazon.aws.hooks.glue.GlueJobHook"}
{"timestamp":"2025-12-10T16:01:07.653338","level":"info","event":"Polling for AWS Glue Job staging_to_curated current run state with status RUNNING","logger":"airflow.task.hooks.airflow.providers.amazon.aws.hooks.glue.GlueJobHook"}
{"timestamp":"2025-12-10T16:01:13.745098","level":"info","event":"Exiting Job jr_650277475907bfdae1c97e1f7a44443bac93b147d1332ca7c07ad421d49136a1 Run State: SUCCEEDED","logger":"airflow.task.hooks.airflow.providers.amazon.aws.hooks.glue.GlueJobHook"}
{"timestamp":"2025-12-10T16:01:13.745472","level":"info","event":"AWS Glue Job: staging_to_curated status: SUCCEEDED. Run Id: jr_650277475907bfdae1c97e1f7a44443bac93b147d1332ca7c07ad421d49136a1","logger":"airflow.task.operators.airflow.providers.amazon.aws.operators.glue.GlueJobOperator"}
{"timestamp":"2025-12-10T16:01:13.745802","level":"info","event":"Pushing xcom","ti":"RuntimeTaskInstance(id=UUID('019b08fb-e093-749a-a4dc-94f29fe57173'), task_id='staging_to_curated_glue_job', dag_id='glue_job_trigger', run_id='manual__2025-12-10T15:58:03.215275+00:00', try_number=1, map_index=-1, hostname='112ac3a889d5', context_carrier={}, task=<Task(GlueJobOperator): staging_to_curated_glue_job>, bundle_instance=LocalDagBundle(name=dags-folder), max_tries=1, start_date=datetime.datetime(2025, 12, 10, 16, 0, 6, 547398, tzinfo=TzInfo(UTC)), end_date=None, is_mapped=False)","logger":"task"}
