{"timestamp":"2025-12-10T16:41:00.502918","level":"info","event":"DAG bundles loaded: dags-folder","logger":"airflow.dag_processing.bundles.manager.DagBundlesManager"}
{"timestamp":"2025-12-10T16:41:00.503692","level":"info","event":"Filling up the DagBag from /opt/airflow/dags/orchestrate_glue_job.py","logger":"airflow.models.dagbag.DagBag"}
{"timestamp":"2025-12-10T16:41:00.740984","level":"info","event":"Initializing AWS Glue Job: staging_to_curated. Wait for completion: True","logger":"airflow.task.operators.airflow.providers.amazon.aws.operators.glue.GlueJobOperator"}
{"timestamp":"2025-12-10T16:41:00.741387","level":"info","event":"Checking if job already exists: staging_to_curated","logger":"airflow.task.hooks.airflow.providers.amazon.aws.hooks.glue.GlueJobHook"}
{"timestamp":"2025-12-10T16:41:00.743927","level":"info","event":"Secrets backends loaded for worker","count":1,"backend_classes":["EnvironmentVariablesBackend"],"logger":"supervisor"}
{"timestamp":"2025-12-10T16:41:00.781288","level":"info","event":"Connection Retrieved 'aws_default'","logger":"airflow.hooks.base"}
{"timestamp":"2025-12-10T16:41:00.781580","level":"info","event":"AWS Connection (conn_id='aws_default', conn_type='aws') credentials retrieved from login and password.","logger":"airflow.providers.amazon.aws.utils.connection_wrapper.AwsConnectionWrapper"}
{"timestamp":"2025-12-10T16:41:00.781701","level":"info","event":"AWS Connection (conn_id='aws_default', conn_type='aws') session token retrieved from extra, please note you are responsible for renewing these.","logger":"airflow.providers.amazon.aws.utils.connection_wrapper.AwsConnectionWrapper"}
{"timestamp":"2025-12-10T16:41:03.029251","level":"info","event":"You can monitor this Glue Job run at: https://console.aws.amazon.com/gluestudio/home?region=ap-south-1#/job/staging_to_curated/run/jr_6fb4cfe1a8d360bb8ee6dfd37d75053486b139efc2172b8fb8f3bd28d4d93398","logger":"airflow.task.operators.airflow.providers.amazon.aws.operators.glue.GlueJobOperator"}
{"timestamp":"2025-12-10T16:41:03.254183","level":"info","event":"Polling for AWS Glue Job staging_to_curated current run state with status RUNNING","logger":"airflow.task.hooks.airflow.providers.amazon.aws.hooks.glue.GlueJobHook"}
{"timestamp":"2025-12-10T16:41:09.362652","level":"info","event":"Polling for AWS Glue Job staging_to_curated current run state with status RUNNING","logger":"airflow.task.hooks.airflow.providers.amazon.aws.hooks.glue.GlueJobHook"}
{"timestamp":"2025-12-10T16:41:15.557356","level":"info","event":"Polling for AWS Glue Job staging_to_curated current run state with status RUNNING","logger":"airflow.task.hooks.airflow.providers.amazon.aws.hooks.glue.GlueJobHook"}
{"timestamp":"2025-12-10T16:41:21.683759","level":"info","event":"Polling for AWS Glue Job staging_to_curated current run state with status RUNNING","logger":"airflow.task.hooks.airflow.providers.amazon.aws.hooks.glue.GlueJobHook"}
{"timestamp":"2025-12-10T16:41:27.794854","level":"info","event":"Polling for AWS Glue Job staging_to_curated current run state with status RUNNING","logger":"airflow.task.hooks.airflow.providers.amazon.aws.hooks.glue.GlueJobHook"}
{"timestamp":"2025-12-10T16:41:33.917881","level":"info","event":"Polling for AWS Glue Job staging_to_curated current run state with status RUNNING","logger":"airflow.task.hooks.airflow.providers.amazon.aws.hooks.glue.GlueJobHook"}
{"timestamp":"2025-12-10T16:41:40.062002","level":"info","event":"Polling for AWS Glue Job staging_to_curated current run state with status RUNNING","logger":"airflow.task.hooks.airflow.providers.amazon.aws.hooks.glue.GlueJobHook"}
{"timestamp":"2025-12-10T16:41:46.174801","level":"info","event":"Polling for AWS Glue Job staging_to_curated current run state with status RUNNING","logger":"airflow.task.hooks.airflow.providers.amazon.aws.hooks.glue.GlueJobHook"}
{"timestamp":"2025-12-10T16:41:52.277259","level":"info","event":"Polling for AWS Glue Job staging_to_curated current run state with status RUNNING","logger":"airflow.task.hooks.airflow.providers.amazon.aws.hooks.glue.GlueJobHook"}
{"timestamp":"2025-12-10T16:41:58.374389","level":"info","event":"Polling for AWS Glue Job staging_to_curated current run state with status RUNNING","logger":"airflow.task.hooks.airflow.providers.amazon.aws.hooks.glue.GlueJobHook"}
{"timestamp":"2025-12-10T16:42:04.489725","level":"info","event":"Polling for AWS Glue Job staging_to_curated current run state with status RUNNING","logger":"airflow.task.hooks.airflow.providers.amazon.aws.hooks.glue.GlueJobHook"}
{"timestamp":"2025-12-10T16:42:10.658614","level":"info","event":"Polling for AWS Glue Job staging_to_curated current run state with status RUNNING","logger":"airflow.task.hooks.airflow.providers.amazon.aws.hooks.glue.GlueJobHook"}
{"timestamp":"2025-12-10T16:42:16.830265","level":"info","event":"Polling for AWS Glue Job staging_to_curated current run state with status RUNNING","logger":"airflow.task.hooks.airflow.providers.amazon.aws.hooks.glue.GlueJobHook"}
{"timestamp":"2025-12-10T16:42:22.998590","level":"info","event":"Polling for AWS Glue Job staging_to_curated current run state with status RUNNING","logger":"airflow.task.hooks.airflow.providers.amazon.aws.hooks.glue.GlueJobHook"}
{"timestamp":"2025-12-10T16:42:29.075429","level":"info","event":"Polling for AWS Glue Job staging_to_curated current run state with status RUNNING","logger":"airflow.task.hooks.airflow.providers.amazon.aws.hooks.glue.GlueJobHook"}
{"timestamp":"2025-12-10T16:42:35.220147","level":"info","event":"Exiting Job jr_6fb4cfe1a8d360bb8ee6dfd37d75053486b139efc2172b8fb8f3bd28d4d93398 Run State: SUCCEEDED","logger":"airflow.task.hooks.airflow.providers.amazon.aws.hooks.glue.GlueJobHook"}
{"timestamp":"2025-12-10T16:42:35.232543","level":"info","event":"AWS Glue Job: staging_to_curated status: SUCCEEDED. Run Id: jr_6fb4cfe1a8d360bb8ee6dfd37d75053486b139efc2172b8fb8f3bd28d4d93398","logger":"airflow.task.operators.airflow.providers.amazon.aws.operators.glue.GlueJobOperator"}
{"timestamp":"2025-12-10T16:42:35.233366","level":"info","event":"Pushing xcom","ti":"RuntimeTaskInstance(id=UUID('019b0921-6f7c-7b8d-9ab2-8684432e9bd2'), task_id='staging_to_curated_glue_job', dag_id='glue_job_trigger', run_id='manual__2025-12-10T16:39:04.592502+00:00', try_number=1, map_index=-1, hostname='112ac3a889d5', context_carrier={}, task=<Task(GlueJobOperator): staging_to_curated_glue_job>, bundle_instance=LocalDagBundle(name=dags-folder), max_tries=1, start_date=datetime.datetime(2025, 12, 10, 16, 40, 59, 982573, tzinfo=TzInfo(UTC)), end_date=None, is_mapped=False)","logger":"task"}
