{"timestamp":"2026-03-18T16:30:52.210767","level":"info","event":"DAG bundles loaded: dags-folder","logger":"airflow.dag_processing.bundles.manager.DagBundlesManager"}
{"timestamp":"2026-03-18T16:30:52.211872","level":"info","event":"Filling up the DagBag from /opt/airflow/dags/dag_to_explore_dag_context.py","logger":"airflow.models.dagbag.DagBag"}
{"timestamp":"2026-03-18T16:30:53.294551Z","level":"info","event":"DAG Context:","chan":"stdout","logger":"task"}
{"timestamp":"2026-03-18T16:30:53.297722Z","level":"info","event":"dag: <DAG: dag_to_explore_dag_context>","chan":"stdout","logger":"task"}
{"timestamp":"2026-03-18T16:30:53.300925Z","level":"info","event":"inlets: []","chan":"stdout","logger":"task"}
{"timestamp":"2026-03-18T16:30:53.313287Z","level":"info","event":"map_index_template: None","chan":"stdout","logger":"task"}
{"timestamp":"2026-03-18T16:30:53.324721Z","level":"info","event":"outlets: []","chan":"stdout","logger":"task"}
{"timestamp":"2026-03-18T16:30:53.328785Z","level":"info","event":"run_id: scheduled__2026-03-18T00:00:00+00:00","chan":"stdout","logger":"task"}
{"timestamp":"2026-03-18T16:30:53.333012Z","level":"info","event":"task: <Task(PythonOperator): context_task>","chan":"stdout","logger":"task"}
{"timestamp":"2026-03-18T16:30:53.336443Z","level":"info","event":"task_instance: id=UUID('019d01c9-19bd-78e6-9256-7cfe84ed8a80') task_id='context_task' dag_id='dag_to_explore_dag_context' run_id='scheduled__2026-03-18T00:00:00+00:00' try_number=1 map_index=-1 hostname='e5bb110ec66b' context_carrier={} task=<Task(PythonOperator): context_task> bundle_instance=LocalDagBundle(name=dags-folder) max_tries=5 start_date=datetime.datetime(2026, 3, 18, 16, 30, 51, 93799, tzinfo=TzInfo(UTC)) end_date=None is_mapped=False","chan":"stdout","logger":"task"}
{"timestamp":"2026-03-18T16:30:53.338157Z","level":"info","event":"ti: id=UUID('019d01c9-19bd-78e6-9256-7cfe84ed8a80') task_id='context_task' dag_id='dag_to_explore_dag_context' run_id='scheduled__2026-03-18T00:00:00+00:00' try_number=1 map_index=-1 hostname='e5bb110ec66b' context_carrier={} task=<Task(PythonOperator): context_task> bundle_instance=LocalDagBundle(name=dags-folder) max_tries=5 start_date=datetime.datetime(2026, 3, 18, 16, 30, 51, 93799, tzinfo=TzInfo(UTC)) end_date=None is_mapped=False","chan":"stdout","logger":"task"}
{"timestamp":"2026-03-18T16:30:53.338931Z","level":"info","event":"outlet_events: OutletEventAccessors(_dict={})","chan":"stdout","logger":"task"}
{"timestamp":"2026-03-18T16:30:53.339986Z","level":"info","event":"inlet_events: InletEventsAccessors(_inlets=[], _assets={}, _asset_aliases={})","chan":"stdout","logger":"task"}
{"timestamp":"2026-03-18T16:30:53.348002Z","level":"info","event":"macros: <MacrosAccessor (dynamic access to macros)>","chan":"stdout","logger":"task"}
{"timestamp":"2026-03-18T16:30:53.349394Z","level":"info","event":"params: {}","chan":"stdout","logger":"task"}
{"timestamp":"2026-03-18T16:30:53.354490Z","level":"info","event":"var: {'json': <VariableAccessor (dynamic access)>, 'value': <VariableAccessor (dynamic access)>}","chan":"stdout","logger":"task"}
{"timestamp":"2026-03-18T16:30:53.355283Z","level":"info","event":"conn: <ConnectionAccessor (dynamic access)>","chan":"stdout","logger":"task"}
{"timestamp":"2026-03-18T16:30:53.356423Z","level":"info","event":"dag_run: dag_id='dag_to_explore_dag_context' run_id='scheduled__2026-03-18T00:00:00+00:00' logical_date=datetime.datetime(2026, 3, 18, 0, 0, tzinfo=TzInfo(UTC)) data_interval_start=datetime.datetime(2026, 3, 18, 0, 0, tzinfo=TzInfo(UTC)) data_interval_end=datetime.datetime(2026, 3, 18, 0, 0, tzinfo=TzInfo(UTC)) run_after=datetime.datetime(2026, 3, 18, 0, 0, tzinfo=TzInfo(UTC)) start_date=datetime.datetime(2026, 3, 18, 16, 30, 49, 826251, tzinfo=TzInfo(UTC)) end_date=None clear_number=0 run_type=<DagRunType.SCHEDULED: 'scheduled'> conf={} consumed_asset_events=[]","chan":"stdout","logger":"task"}
{"timestamp":"2026-03-18T16:30:53.358705Z","level":"info","event":"triggering_asset_events: TriggeringAssetEventAccessor(_events=defaultdict(<class 'list'>, {}))","chan":"stdout","logger":"task"}
{"timestamp":"2026-03-18T16:30:53.359201Z","level":"info","event":"task_instance_key_str: dag_to_explore_dag_context__context_task__20260318","chan":"stdout","logger":"task"}
{"timestamp":"2026-03-18T16:30:53.359711Z","level":"info","event":"task_reschedule_count: 0","chan":"stdout","logger":"task"}
{"timestamp":"2026-03-18T16:30:53.456715Z","level":"info","event":"prev_start_date_success: None","chan":"stdout","logger":"task"}
{"timestamp":"2026-03-18T16:30:53.457520Z","level":"info","event":"prev_end_date_success: None","chan":"stdout","logger":"task"}
{"timestamp":"2026-03-18T16:30:53.458041Z","level":"info","event":"logical_date: 2026-03-18 00:00:00+00:00","chan":"stdout","logger":"task"}
{"timestamp":"2026-03-18T16:30:53.459085Z","level":"info","event":"ds: 2026-03-18","chan":"stdout","logger":"task"}
{"timestamp":"2026-03-18T16:30:53.459652Z","level":"info","event":"ds_nodash: 20260318","chan":"stdout","logger":"task"}
{"timestamp":"2026-03-18T16:30:53.472262Z","level":"info","event":"ts: 2026-03-18T00:00:00+00:00","chan":"stdout","logger":"task"}
{"timestamp":"2026-03-18T16:30:53.473236Z","level":"info","event":"ts_nodash: 20260318T000000","chan":"stdout","logger":"task"}
{"timestamp":"2026-03-18T16:30:53.480682Z","level":"info","event":"ts_nodash_with_tz: 20260318T000000+0000","chan":"stdout","logger":"task"}
{"timestamp":"2026-03-18T16:30:53.481480Z","level":"info","event":"data_interval_end: 2026-03-18 00:00:00+00:00","chan":"stdout","logger":"task"}
{"timestamp":"2026-03-18T16:30:53.481946Z","level":"info","event":"data_interval_start: 2026-03-18 00:00:00+00:00","chan":"stdout","logger":"task"}
{"timestamp":"2026-03-18T16:30:53.489646Z","level":"info","event":"prev_data_interval_start_success: None","chan":"stdout","logger":"task"}
{"timestamp":"2026-03-18T16:30:53.490352Z","level":"info","event":"prev_data_interval_end_success: None","chan":"stdout","logger":"task"}
{"timestamp":"2026-03-18T16:30:53.491395Z","level":"info","event":"templates_dict: None","chan":"stdout","logger":"task"}
{"timestamp":"2026-03-18T16:30:53.296747","level":"info","event":"Done. Returned value was: None","logger":"airflow.task.operators.airflow.providers.standard.operators.python.PythonOperator"}
