{"timestamp":"2025-12-10T16:36:12.888074","level":"info","event":"DAG bundles loaded: dags-folder","logger":"airflow.dag_processing.bundles.manager.DagBundlesManager"}
{"timestamp":"2025-12-10T16:36:12.888811","level":"info","event":"Filling up the DagBag from /opt/airflow/dags/orchestrate_glue_job.py","logger":"airflow.models.dagbag.DagBag"}
{"timestamp":"2025-12-10T16:36:13.822831","level":"info","event":"Initializing AWS Glue Job: staging_to_curated. Wait for completion: True","logger":"airflow.task.operators.airflow.providers.amazon.aws.operators.glue.GlueJobOperator"}
{"timestamp":"2025-12-10T16:36:13.823110","level":"info","event":"Checking if job already exists: staging_to_curated","logger":"airflow.task.hooks.airflow.providers.amazon.aws.hooks.glue.GlueJobHook"}
{"timestamp":"2025-12-10T16:36:13.825439","level":"info","event":"Secrets backends loaded for worker","count":1,"backend_classes":["EnvironmentVariablesBackend"],"logger":"supervisor"}
{"timestamp":"2025-12-10T16:36:15.807743","level":"info","event":"Connection Retrieved 'aws_default'","logger":"airflow.hooks.base"}
{"timestamp":"2025-12-10T16:36:15.813884","level":"info","event":"AWS Connection (conn_id='aws_default', conn_type='aws') credentials retrieved from login and password.","logger":"airflow.providers.amazon.aws.utils.connection_wrapper.AwsConnectionWrapper"}
{"timestamp":"2025-12-10T16:36:15.814007","level":"info","event":"AWS Connection (conn_id='aws_default', conn_type='aws') session token retrieved from extra, please note you are responsible for renewing these.","logger":"airflow.providers.amazon.aws.utils.connection_wrapper.AwsConnectionWrapper"}
{"timestamp":"2025-12-10T16:36:19.429348","level":"info","event":"You can monitor this Glue Job run at: https://console.aws.amazon.com/gluestudio/home?region=ap-south-1#/job/staging_to_curated/run/jr_b5da9eeaf4afc5a7b5ab4ae6ce61f9996b6f0066a3c118b56ffad81ed3662597","logger":"airflow.task.operators.airflow.providers.amazon.aws.operators.glue.GlueJobOperator"}
{"timestamp":"2025-12-10T16:36:19.528374","level":"info","event":"Polling for AWS Glue Job staging_to_curated current run state with status RUNNING","logger":"airflow.task.hooks.airflow.providers.amazon.aws.hooks.glue.GlueJobHook"}
{"timestamp":"2025-12-10T16:36:25.638184","level":"info","event":"Polling for AWS Glue Job staging_to_curated current run state with status RUNNING","logger":"airflow.task.hooks.airflow.providers.amazon.aws.hooks.glue.GlueJobHook"}
{"timestamp":"2025-12-10T16:36:31.759647","level":"info","event":"Polling for AWS Glue Job staging_to_curated current run state with status RUNNING","logger":"airflow.task.hooks.airflow.providers.amazon.aws.hooks.glue.GlueJobHook"}
{"timestamp":"2025-12-10T16:36:37.881702","level":"info","event":"Polling for AWS Glue Job staging_to_curated current run state with status RUNNING","logger":"airflow.task.hooks.airflow.providers.amazon.aws.hooks.glue.GlueJobHook"}
{"timestamp":"2025-12-10T16:36:43.981126","level":"info","event":"Polling for AWS Glue Job staging_to_curated current run state with status RUNNING","logger":"airflow.task.hooks.airflow.providers.amazon.aws.hooks.glue.GlueJobHook"}
{"timestamp":"2025-12-10T16:36:50.110074","level":"info","event":"Polling for AWS Glue Job staging_to_curated current run state with status RUNNING","logger":"airflow.task.hooks.airflow.providers.amazon.aws.hooks.glue.GlueJobHook"}
{"timestamp":"2025-12-10T16:36:56.159017","level":"info","event":"Polling for AWS Glue Job staging_to_curated current run state with status RUNNING","logger":"airflow.task.hooks.airflow.providers.amazon.aws.hooks.glue.GlueJobHook"}
{"timestamp":"2025-12-10T16:37:02.274841","level":"info","event":"Polling for AWS Glue Job staging_to_curated current run state with status RUNNING","logger":"airflow.task.hooks.airflow.providers.amazon.aws.hooks.glue.GlueJobHook"}
{"timestamp":"2025-12-10T16:37:08.381952","level":"info","event":"Polling for AWS Glue Job staging_to_curated current run state with status RUNNING","logger":"airflow.task.hooks.airflow.providers.amazon.aws.hooks.glue.GlueJobHook"}
{"timestamp":"2025-12-10T16:37:14.512262","level":"info","event":"Polling for AWS Glue Job staging_to_curated current run state with status RUNNING","logger":"airflow.task.hooks.airflow.providers.amazon.aws.hooks.glue.GlueJobHook"}
{"timestamp":"2025-12-10T16:37:20.624352","level":"info","event":"Polling for AWS Glue Job staging_to_curated current run state with status RUNNING","logger":"airflow.task.hooks.airflow.providers.amazon.aws.hooks.glue.GlueJobHook"}
{"timestamp":"2025-12-10T16:37:26.726037","level":"info","event":"Exiting Job jr_b5da9eeaf4afc5a7b5ab4ae6ce61f9996b6f0066a3c118b56ffad81ed3662597 Run State: SUCCEEDED","logger":"airflow.task.hooks.airflow.providers.amazon.aws.hooks.glue.GlueJobHook"}
{"timestamp":"2025-12-10T16:37:26.726358","level":"info","event":"AWS Glue Job: staging_to_curated status: SUCCEEDED. Run Id: jr_b5da9eeaf4afc5a7b5ab4ae6ce61f9996b6f0066a3c118b56ffad81ed3662597","logger":"airflow.task.operators.airflow.providers.amazon.aws.operators.glue.GlueJobOperator"}
{"timestamp":"2025-12-10T16:37:26.732602","level":"info","event":"Pushing xcom","ti":"RuntimeTaskInstance(id=UUID('019b091d-60d0-740c-837f-e95788a54f67'), task_id='staging_to_curated_glue_job', dag_id='glue_job_trigger', run_id='manual__2025-12-10T16:34:38.756385+00:00', try_number=1, map_index=-1, hostname='112ac3a889d5', context_carrier={}, task=<Task(GlueJobOperator): staging_to_curated_glue_job>, bundle_instance=LocalDagBundle(name=dags-folder), max_tries=1, start_date=datetime.datetime(2025, 12, 10, 16, 36, 11, 564432, tzinfo=TzInfo(UTC)), end_date=None, is_mapped=False)","logger":"task"}
