{"timestamp":"2025-12-10T15:58:06.057961","level":"info","event":"DAG bundles loaded: dags-folder","logger":"airflow.dag_processing.bundles.manager.DagBundlesManager"}
{"timestamp":"2025-12-10T15:58:06.063003","level":"info","event":"Filling up the DagBag from /opt/airflow/dags/orchestrate_glue_job.py","logger":"airflow.models.dagbag.DagBag"}
{"timestamp":"2025-12-10T15:58:06.521068","level":"info","event":"Initializing AWS Glue Job: landing_to_staging. Wait for completion: True","logger":"airflow.task.operators.airflow.providers.amazon.aws.operators.glue.GlueJobOperator"}
{"timestamp":"2025-12-10T15:58:06.521428","level":"info","event":"Checking if job already exists: landing_to_staging","logger":"airflow.task.hooks.airflow.providers.amazon.aws.hooks.glue.GlueJobHook"}
{"timestamp":"2025-12-10T15:58:06.527880","level":"info","event":"Secrets backends loaded for worker","count":1,"backend_classes":["EnvironmentVariablesBackend"],"logger":"supervisor"}
{"timestamp":"2025-12-10T15:58:06.642473","level":"info","event":"Connection Retrieved 'aws_default'","logger":"airflow.hooks.base"}
{"timestamp":"2025-12-10T15:58:06.642739","level":"info","event":"AWS Connection (conn_id='aws_default', conn_type='aws') credentials retrieved from login and password.","logger":"airflow.providers.amazon.aws.utils.connection_wrapper.AwsConnectionWrapper"}
{"timestamp":"2025-12-10T15:58:06.642839","level":"info","event":"AWS Connection (conn_id='aws_default', conn_type='aws') session token retrieved from extra, please note you are responsible for renewing these.","logger":"airflow.providers.amazon.aws.utils.connection_wrapper.AwsConnectionWrapper"}
{"timestamp":"2025-12-10T15:58:09.054274","level":"info","event":"You can monitor this Glue Job run at: https://console.aws.amazon.com/gluestudio/home?region=ap-south-1#/job/landing_to_staging/run/jr_c216ae0b7e16ee1698e56fe5474897a0d0a6a321f8016b885b936219a480a385","logger":"airflow.task.operators.airflow.providers.amazon.aws.operators.glue.GlueJobOperator"}
{"timestamp":"2025-12-10T15:58:09.159383","level":"info","event":"Polling for AWS Glue Job landing_to_staging current run state with status RUNNING","logger":"airflow.task.hooks.airflow.providers.amazon.aws.hooks.glue.GlueJobHook"}
{"timestamp":"2025-12-10T15:58:15.294505","level":"info","event":"Polling for AWS Glue Job landing_to_staging current run state with status RUNNING","logger":"airflow.task.hooks.airflow.providers.amazon.aws.hooks.glue.GlueJobHook"}
{"timestamp":"2025-12-10T15:58:21.405453","level":"info","event":"Polling for AWS Glue Job landing_to_staging current run state with status RUNNING","logger":"airflow.task.hooks.airflow.providers.amazon.aws.hooks.glue.GlueJobHook"}
{"timestamp":"2025-12-10T15:58:27.530045","level":"info","event":"Polling for AWS Glue Job landing_to_staging current run state with status RUNNING","logger":"airflow.task.hooks.airflow.providers.amazon.aws.hooks.glue.GlueJobHook"}
{"timestamp":"2025-12-10T15:58:33.620700","level":"info","event":"Polling for AWS Glue Job landing_to_staging current run state with status RUNNING","logger":"airflow.task.hooks.airflow.providers.amazon.aws.hooks.glue.GlueJobHook"}
{"timestamp":"2025-12-10T15:58:39.749405","level":"info","event":"Polling for AWS Glue Job landing_to_staging current run state with status RUNNING","logger":"airflow.task.hooks.airflow.providers.amazon.aws.hooks.glue.GlueJobHook"}
{"timestamp":"2025-12-10T15:58:45.884218","level":"info","event":"Polling for AWS Glue Job landing_to_staging current run state with status RUNNING","logger":"airflow.task.hooks.airflow.providers.amazon.aws.hooks.glue.GlueJobHook"}
{"timestamp":"2025-12-10T15:58:51.985210","level":"info","event":"Polling for AWS Glue Job landing_to_staging current run state with status RUNNING","logger":"airflow.task.hooks.airflow.providers.amazon.aws.hooks.glue.GlueJobHook"}
{"timestamp":"2025-12-10T15:58:58.073568","level":"info","event":"Polling for AWS Glue Job landing_to_staging current run state with status RUNNING","logger":"airflow.task.hooks.airflow.providers.amazon.aws.hooks.glue.GlueJobHook"}
{"timestamp":"2025-12-10T15:59:04.184797","level":"info","event":"Polling for AWS Glue Job landing_to_staging current run state with status RUNNING","logger":"airflow.task.hooks.airflow.providers.amazon.aws.hooks.glue.GlueJobHook"}
{"timestamp":"2025-12-10T15:59:10.311387","level":"info","event":"Polling for AWS Glue Job landing_to_staging current run state with status RUNNING","logger":"airflow.task.hooks.airflow.providers.amazon.aws.hooks.glue.GlueJobHook"}
{"timestamp":"2025-12-10T15:59:16.433333","level":"info","event":"Polling for AWS Glue Job landing_to_staging current run state with status RUNNING","logger":"airflow.task.hooks.airflow.providers.amazon.aws.hooks.glue.GlueJobHook"}
{"timestamp":"2025-12-10T15:59:22.556042","level":"info","event":"Polling for AWS Glue Job landing_to_staging current run state with status RUNNING","logger":"airflow.task.hooks.airflow.providers.amazon.aws.hooks.glue.GlueJobHook"}
{"timestamp":"2025-12-10T15:59:28.656014","level":"info","event":"Polling for AWS Glue Job landing_to_staging current run state with status RUNNING","logger":"airflow.task.hooks.airflow.providers.amazon.aws.hooks.glue.GlueJobHook"}
{"timestamp":"2025-12-10T15:59:34.769324","level":"info","event":"Polling for AWS Glue Job landing_to_staging current run state with status RUNNING","logger":"airflow.task.hooks.airflow.providers.amazon.aws.hooks.glue.GlueJobHook"}
{"timestamp":"2025-12-10T15:59:40.891416","level":"info","event":"Polling for AWS Glue Job landing_to_staging current run state with status RUNNING","logger":"airflow.task.hooks.airflow.providers.amazon.aws.hooks.glue.GlueJobHook"}
{"timestamp":"2025-12-10T15:59:46.979736","level":"info","event":"Polling for AWS Glue Job landing_to_staging current run state with status RUNNING","logger":"airflow.task.hooks.airflow.providers.amazon.aws.hooks.glue.GlueJobHook"}
{"timestamp":"2025-12-10T15:59:53.076091","level":"info","event":"Polling for AWS Glue Job landing_to_staging current run state with status RUNNING","logger":"airflow.task.hooks.airflow.providers.amazon.aws.hooks.glue.GlueJobHook"}
{"timestamp":"2025-12-10T15:59:59.151951","level":"info","event":"Polling for AWS Glue Job landing_to_staging current run state with status RUNNING","logger":"airflow.task.hooks.airflow.providers.amazon.aws.hooks.glue.GlueJobHook"}
{"timestamp":"2025-12-10T16:00:05.225074","level":"info","event":"Exiting Job jr_c216ae0b7e16ee1698e56fe5474897a0d0a6a321f8016b885b936219a480a385 Run State: SUCCEEDED","logger":"airflow.task.hooks.airflow.providers.amazon.aws.hooks.glue.GlueJobHook"}
{"timestamp":"2025-12-10T16:00:05.225697","level":"info","event":"AWS Glue Job: landing_to_staging status: SUCCEEDED. Run Id: jr_c216ae0b7e16ee1698e56fe5474897a0d0a6a321f8016b885b936219a480a385","logger":"airflow.task.operators.airflow.providers.amazon.aws.operators.glue.GlueJobOperator"}
{"timestamp":"2025-12-10T16:00:05.229337","level":"info","event":"Pushing xcom","ti":"RuntimeTaskInstance(id=UUID('019b08fb-e092-7808-8032-4bf3e290b17b'), task_id='landing_to_staging_glue_job', dag_id='glue_job_trigger', run_id='manual__2025-12-10T15:58:03.215275+00:00', try_number=1, map_index=-1, hostname='112ac3a889d5', context_carrier={}, task=<Task(GlueJobOperator): landing_to_staging_glue_job>, bundle_instance=LocalDagBundle(name=dags-folder), max_tries=1, start_date=datetime.datetime(2025, 12, 10, 15, 58, 5, 150789, tzinfo=TzInfo(UTC)), end_date=None, is_mapped=False)","logger":"task"}
