{"timestamp":"2025-12-10T16:39:06.187908","level":"info","event":"DAG bundles loaded: dags-folder","logger":"airflow.dag_processing.bundles.manager.DagBundlesManager"}
{"timestamp":"2025-12-10T16:39:06.189338","level":"info","event":"Filling up the DagBag from /opt/airflow/dags/orchestrate_glue_job.py","logger":"airflow.models.dagbag.DagBag"}
{"timestamp":"2025-12-10T16:39:06.402051","level":"info","event":"Initializing AWS Glue Job: landing_to_staging. Wait for completion: True","logger":"airflow.task.operators.airflow.providers.amazon.aws.operators.glue.GlueJobOperator"}
{"timestamp":"2025-12-10T16:39:06.402340","level":"info","event":"Checking if job already exists: landing_to_staging","logger":"airflow.task.hooks.airflow.providers.amazon.aws.hooks.glue.GlueJobHook"}
{"timestamp":"2025-12-10T16:39:06.404832","level":"info","event":"Secrets backends loaded for worker","count":1,"backend_classes":["EnvironmentVariablesBackend"],"logger":"supervisor"}
{"timestamp":"2025-12-10T16:39:06.478165","level":"info","event":"Connection Retrieved 'aws_default'","logger":"airflow.hooks.base"}
{"timestamp":"2025-12-10T16:39:06.478761","level":"info","event":"AWS Connection (conn_id='aws_default', conn_type='aws') credentials retrieved from login and password.","logger":"airflow.providers.amazon.aws.utils.connection_wrapper.AwsConnectionWrapper"}
{"timestamp":"2025-12-10T16:39:06.478909","level":"info","event":"AWS Connection (conn_id='aws_default', conn_type='aws') session token retrieved from extra, please note you are responsible for renewing these.","logger":"airflow.providers.amazon.aws.utils.connection_wrapper.AwsConnectionWrapper"}
{"timestamp":"2025-12-10T16:39:08.980639","level":"info","event":"You can monitor this Glue Job run at: https://console.aws.amazon.com/gluestudio/home?region=ap-south-1#/job/landing_to_staging/run/jr_05decb778b1d7b905ec841918b31ba586589a89c364c8d17aeb14e52316d59d7","logger":"airflow.task.operators.airflow.providers.amazon.aws.operators.glue.GlueJobOperator"}
{"timestamp":"2025-12-10T16:39:09.111344","level":"info","event":"Polling for AWS Glue Job landing_to_staging current run state with status RUNNING","logger":"airflow.task.hooks.airflow.providers.amazon.aws.hooks.glue.GlueJobHook"}
{"timestamp":"2025-12-10T16:39:15.228421","level":"info","event":"Polling for AWS Glue Job landing_to_staging current run state with status RUNNING","logger":"airflow.task.hooks.airflow.providers.amazon.aws.hooks.glue.GlueJobHook"}
{"timestamp":"2025-12-10T16:39:21.335690","level":"info","event":"Polling for AWS Glue Job landing_to_staging current run state with status RUNNING","logger":"airflow.task.hooks.airflow.providers.amazon.aws.hooks.glue.GlueJobHook"}
{"timestamp":"2025-12-10T16:39:27.424514","level":"info","event":"Polling for AWS Glue Job landing_to_staging current run state with status RUNNING","logger":"airflow.task.hooks.airflow.providers.amazon.aws.hooks.glue.GlueJobHook"}
{"timestamp":"2025-12-10T16:39:33.537013","level":"info","event":"Polling for AWS Glue Job landing_to_staging current run state with status RUNNING","logger":"airflow.task.hooks.airflow.providers.amazon.aws.hooks.glue.GlueJobHook"}
{"timestamp":"2025-12-10T16:39:39.649186","level":"info","event":"Polling for AWS Glue Job landing_to_staging current run state with status RUNNING","logger":"airflow.task.hooks.airflow.providers.amazon.aws.hooks.glue.GlueJobHook"}
{"timestamp":"2025-12-10T16:39:45.767564","level":"info","event":"Polling for AWS Glue Job landing_to_staging current run state with status RUNNING","logger":"airflow.task.hooks.airflow.providers.amazon.aws.hooks.glue.GlueJobHook"}
{"timestamp":"2025-12-10T16:39:51.874465","level":"info","event":"Polling for AWS Glue Job landing_to_staging current run state with status RUNNING","logger":"airflow.task.hooks.airflow.providers.amazon.aws.hooks.glue.GlueJobHook"}
{"timestamp":"2025-12-10T16:39:57.998519","level":"info","event":"Polling for AWS Glue Job landing_to_staging current run state with status RUNNING","logger":"airflow.task.hooks.airflow.providers.amazon.aws.hooks.glue.GlueJobHook"}
{"timestamp":"2025-12-10T16:40:04.113629","level":"info","event":"Polling for AWS Glue Job landing_to_staging current run state with status RUNNING","logger":"airflow.task.hooks.airflow.providers.amazon.aws.hooks.glue.GlueJobHook"}
{"timestamp":"2025-12-10T16:40:10.239193","level":"info","event":"Polling for AWS Glue Job landing_to_staging current run state with status RUNNING","logger":"airflow.task.hooks.airflow.providers.amazon.aws.hooks.glue.GlueJobHook"}
{"timestamp":"2025-12-10T16:40:16.445139","level":"info","event":"Polling for AWS Glue Job landing_to_staging current run state with status RUNNING","logger":"airflow.task.hooks.airflow.providers.amazon.aws.hooks.glue.GlueJobHook"}
{"timestamp":"2025-12-10T16:40:22.589954","level":"info","event":"Polling for AWS Glue Job landing_to_staging current run state with status RUNNING","logger":"airflow.task.hooks.airflow.providers.amazon.aws.hooks.glue.GlueJobHook"}
{"timestamp":"2025-12-10T16:40:28.705001","level":"info","event":"Polling for AWS Glue Job landing_to_staging current run state with status RUNNING","logger":"airflow.task.hooks.airflow.providers.amazon.aws.hooks.glue.GlueJobHook"}
{"timestamp":"2025-12-10T16:40:34.816279","level":"info","event":"Polling for AWS Glue Job landing_to_staging current run state with status RUNNING","logger":"airflow.task.hooks.airflow.providers.amazon.aws.hooks.glue.GlueJobHook"}
{"timestamp":"2025-12-10T16:40:40.930500","level":"info","event":"Polling for AWS Glue Job landing_to_staging current run state with status RUNNING","logger":"airflow.task.hooks.airflow.providers.amazon.aws.hooks.glue.GlueJobHook"}
{"timestamp":"2025-12-10T16:40:47.081747","level":"info","event":"Polling for AWS Glue Job landing_to_staging current run state with status RUNNING","logger":"airflow.task.hooks.airflow.providers.amazon.aws.hooks.glue.GlueJobHook"}
{"timestamp":"2025-12-10T16:40:53.207794","level":"info","event":"Polling for AWS Glue Job landing_to_staging current run state with status RUNNING","logger":"airflow.task.hooks.airflow.providers.amazon.aws.hooks.glue.GlueJobHook"}
{"timestamp":"2025-12-10T16:40:59.303223","level":"info","event":"Exiting Job jr_05decb778b1d7b905ec841918b31ba586589a89c364c8d17aeb14e52316d59d7 Run State: SUCCEEDED","logger":"airflow.task.hooks.airflow.providers.amazon.aws.hooks.glue.GlueJobHook"}
{"timestamp":"2025-12-10T16:40:59.308669","level":"info","event":"AWS Glue Job: landing_to_staging status: SUCCEEDED. Run Id: jr_05decb778b1d7b905ec841918b31ba586589a89c364c8d17aeb14e52316d59d7","logger":"airflow.task.operators.airflow.providers.amazon.aws.operators.glue.GlueJobOperator"}
{"timestamp":"2025-12-10T16:40:59.318885","level":"info","event":"Pushing xcom","ti":"RuntimeTaskInstance(id=UUID('019b0921-6f7b-7b19-922f-aef43e15b84e'), task_id='landing_to_staging_glue_job', dag_id='glue_job_trigger', run_id='manual__2025-12-10T16:39:04.592502+00:00', try_number=1, map_index=-1, hostname='112ac3a889d5', context_carrier={}, task=<Task(GlueJobOperator): landing_to_staging_glue_job>, bundle_instance=LocalDagBundle(name=dags-folder), max_tries=1, start_date=datetime.datetime(2025, 12, 10, 16, 39, 5, 598182, tzinfo=TzInfo(UTC)), end_date=None, is_mapped=False)","logger":"task"}
