{"timestamp":"2025-12-10T14:24:11.023916","level":"info","event":"DAG bundles loaded: dags-folder","logger":"airflow.dag_processing.bundles.manager.DagBundlesManager"}
{"timestamp":"2025-12-10T14:24:11.024969","level":"info","event":"Filling up the DagBag from /opt/airflow/dags/orchestrate_glue_job.py","logger":"airflow.models.dagbag.DagBag"}
{"timestamp":"2025-12-10T14:24:12.693015","level":"info","event":"Initializing AWS Glue Job: staging_to_curated. Wait for completion: True","logger":"airflow.task.operators.airflow.providers.amazon.aws.operators.glue.GlueJobOperator"}
{"timestamp":"2025-12-10T14:24:12.693565","level":"info","event":"Checking if job already exists: staging_to_curated","logger":"airflow.task.hooks.airflow.providers.amazon.aws.hooks.glue.GlueJobHook"}
{"timestamp":"2025-12-10T14:24:12.696253","level":"info","event":"Secrets backends loaded for worker","count":1,"backend_classes":["EnvironmentVariablesBackend"],"logger":"supervisor"}
{"timestamp":"2025-12-10T14:24:12.794662","level":"info","event":"Connection Retrieved 'aws_default'","logger":"airflow.hooks.base"}
{"timestamp":"2025-12-10T14:24:12.795131","level":"info","event":"AWS Connection (conn_id='aws_default', conn_type='aws') credentials retrieved from login and password.","logger":"airflow.providers.amazon.aws.utils.connection_wrapper.AwsConnectionWrapper"}
{"timestamp":"2025-12-10T14:24:12.795276","level":"info","event":"AWS Connection (conn_id='aws_default', conn_type='aws') session token retrieved from extra, please note you are responsible for renewing these.","logger":"airflow.providers.amazon.aws.utils.connection_wrapper.AwsConnectionWrapper"}
{"timestamp":"2025-12-10T14:24:16.377456","level":"info","event":"You can monitor this Glue Job run at: https://console.aws.amazon.com/gluestudio/home?region=ap-south-1#/job/staging_to_curated/run/jr_63b7ffe637a842c9207e33005da8f03c56ebb0286aa06e9ec784c8bfaf483b78","logger":"airflow.task.operators.airflow.providers.amazon.aws.operators.glue.GlueJobOperator"}
{"timestamp":"2025-12-10T14:24:16.470889","level":"info","event":"Polling for AWS Glue Job staging_to_curated current run state with status RUNNING","logger":"airflow.task.hooks.airflow.providers.amazon.aws.hooks.glue.GlueJobHook"}
{"timestamp":"2025-12-10T14:24:22.360053","level":"info","event":"Polling for AWS Glue Job staging_to_curated current run state with status RUNNING","logger":"airflow.task.hooks.airflow.providers.amazon.aws.hooks.glue.GlueJobHook"}
{"timestamp":"2025-12-10T14:24:28.464453","level":"info","event":"Polling for AWS Glue Job staging_to_curated current run state with status RUNNING","logger":"airflow.task.hooks.airflow.providers.amazon.aws.hooks.glue.GlueJobHook"}
{"timestamp":"2025-12-10T14:24:34.584493","level":"info","event":"Polling for AWS Glue Job staging_to_curated current run state with status RUNNING","logger":"airflow.task.hooks.airflow.providers.amazon.aws.hooks.glue.GlueJobHook"}
{"timestamp":"2025-12-10T14:24:40.731273","level":"info","event":"Polling for AWS Glue Job staging_to_curated current run state with status RUNNING","logger":"airflow.task.hooks.airflow.providers.amazon.aws.hooks.glue.GlueJobHook"}
{"timestamp":"2025-12-10T14:24:46.863433","level":"info","event":"Polling for AWS Glue Job staging_to_curated current run state with status RUNNING","logger":"airflow.task.hooks.airflow.providers.amazon.aws.hooks.glue.GlueJobHook"}
{"timestamp":"2025-12-10T14:24:52.757883","level":"info","event":"Polling for AWS Glue Job staging_to_curated current run state with status RUNNING","logger":"airflow.task.hooks.airflow.providers.amazon.aws.hooks.glue.GlueJobHook"}
{"timestamp":"2025-12-10T14:24:58.876783","level":"info","event":"Polling for AWS Glue Job staging_to_curated current run state with status RUNNING","logger":"airflow.task.hooks.airflow.providers.amazon.aws.hooks.glue.GlueJobHook"}
{"timestamp":"2025-12-10T14:25:04.991575","level":"info","event":"Polling for AWS Glue Job staging_to_curated current run state with status RUNNING","logger":"airflow.task.hooks.airflow.providers.amazon.aws.hooks.glue.GlueJobHook"}
{"timestamp":"2025-12-10T14:25:11.091420","level":"info","event":"Polling for AWS Glue Job staging_to_curated current run state with status RUNNING","logger":"airflow.task.hooks.airflow.providers.amazon.aws.hooks.glue.GlueJobHook"}
{"timestamp":"2025-12-10T14:25:17.206616","level":"info","event":"Polling for AWS Glue Job staging_to_curated current run state with status RUNNING","logger":"airflow.task.hooks.airflow.providers.amazon.aws.hooks.glue.GlueJobHook"}
{"timestamp":"2025-12-10T14:25:23.207969","level":"info","event":"Polling for AWS Glue Job staging_to_curated current run state with status RUNNING","logger":"airflow.task.hooks.airflow.providers.amazon.aws.hooks.glue.GlueJobHook"}
{"timestamp":"2025-12-10T14:25:29.326483","level":"info","event":"Polling for AWS Glue Job staging_to_curated current run state with status RUNNING","logger":"airflow.task.hooks.airflow.providers.amazon.aws.hooks.glue.GlueJobHook"}
{"timestamp":"2025-12-10T14:25:35.430444","level":"info","event":"Polling for AWS Glue Job staging_to_curated current run state with status RUNNING","logger":"airflow.task.hooks.airflow.providers.amazon.aws.hooks.glue.GlueJobHook"}
{"timestamp":"2025-12-10T14:25:41.525659","level":"info","event":"Polling for AWS Glue Job staging_to_curated current run state with status RUNNING","logger":"airflow.task.hooks.airflow.providers.amazon.aws.hooks.glue.GlueJobHook"}
{"timestamp":"2025-12-10T14:25:47.672953","level":"info","event":"Polling for AWS Glue Job staging_to_curated current run state with status RUNNING","logger":"airflow.task.hooks.airflow.providers.amazon.aws.hooks.glue.GlueJobHook"}
{"timestamp":"2025-12-10T14:25:53.601084","level":"info","event":"Exiting Job jr_63b7ffe637a842c9207e33005da8f03c56ebb0286aa06e9ec784c8bfaf483b78 Run State: SUCCEEDED","logger":"airflow.task.hooks.airflow.providers.amazon.aws.hooks.glue.GlueJobHook"}
{"timestamp":"2025-12-10T14:25:53.603033","level":"info","event":"AWS Glue Job: staging_to_curated status: SUCCEEDED. Run Id: jr_63b7ffe637a842c9207e33005da8f03c56ebb0286aa06e9ec784c8bfaf483b78","logger":"airflow.task.operators.airflow.providers.amazon.aws.operators.glue.GlueJobOperator"}
{"timestamp":"2025-12-10T14:25:53.604012","level":"info","event":"Pushing xcom","ti":"RuntimeTaskInstance(id=UUID('019b08a4-0955-7e2b-a03c-710e32b05474'), task_id='staging_to_curated_glue_job', dag_id='glue_job_trigger', run_id='manual__2025-12-10T14:22:06.598602+00:00', try_number=1, map_index=-1, hostname='112ac3a889d5', context_carrier={}, task=<Task(GlueJobOperator): staging_to_curated_glue_job>, bundle_instance=LocalDagBundle(name=dags-folder), max_tries=1, start_date=datetime.datetime(2025, 12, 10, 14, 24, 9, 237906, tzinfo=TzInfo(UTC)), end_date=None, is_mapped=False)","logger":"task"}
