{"timestamp":"2025-12-10T16:34:40.543152","level":"info","event":"DAG bundles loaded: dags-folder","logger":"airflow.dag_processing.bundles.manager.DagBundlesManager"}
{"timestamp":"2025-12-10T16:34:40.544309","level":"info","event":"Filling up the DagBag from /opt/airflow/dags/orchestrate_glue_job.py","logger":"airflow.models.dagbag.DagBag"}
{"timestamp":"2025-12-10T16:34:40.850828","level":"info","event":"Initializing AWS Glue Job: landing_to_staging. Wait for completion: True","logger":"airflow.task.operators.airflow.providers.amazon.aws.operators.glue.GlueJobOperator"}
{"timestamp":"2025-12-10T16:34:40.851215","level":"info","event":"Checking if job already exists: landing_to_staging","logger":"airflow.task.hooks.airflow.providers.amazon.aws.hooks.glue.GlueJobHook"}
{"timestamp":"2025-12-10T16:34:40.853573","level":"info","event":"Secrets backends loaded for worker","count":1,"backend_classes":["EnvironmentVariablesBackend"],"logger":"supervisor"}
{"timestamp":"2025-12-10T16:34:40.924079","level":"info","event":"Connection Retrieved 'aws_default'","logger":"airflow.hooks.base"}
{"timestamp":"2025-12-10T16:34:40.924375","level":"info","event":"AWS Connection (conn_id='aws_default', conn_type='aws') credentials retrieved from login and password.","logger":"airflow.providers.amazon.aws.utils.connection_wrapper.AwsConnectionWrapper"}
{"timestamp":"2025-12-10T16:34:40.924488","level":"info","event":"AWS Connection (conn_id='aws_default', conn_type='aws') session token retrieved from extra, please note you are responsible for renewing these.","logger":"airflow.providers.amazon.aws.utils.connection_wrapper.AwsConnectionWrapper"}
{"timestamp":"2025-12-10T16:34:45.210910","level":"info","event":"You can monitor this Glue Job run at: https://console.aws.amazon.com/gluestudio/home?region=ap-south-1#/job/landing_to_staging/run/jr_b1bb30c90c5c171aec2e754ea42895915280703e7b5ebd462cb72cd8fcae35c7","logger":"airflow.task.operators.airflow.providers.amazon.aws.operators.glue.GlueJobOperator"}
{"timestamp":"2025-12-10T16:34:45.318377","level":"info","event":"Polling for AWS Glue Job landing_to_staging current run state with status RUNNING","logger":"airflow.task.hooks.airflow.providers.amazon.aws.hooks.glue.GlueJobHook"}
{"timestamp":"2025-12-10T16:34:51.449021","level":"info","event":"Polling for AWS Glue Job landing_to_staging current run state with status RUNNING","logger":"airflow.task.hooks.airflow.providers.amazon.aws.hooks.glue.GlueJobHook"}
{"timestamp":"2025-12-10T16:34:57.560153","level":"info","event":"Polling for AWS Glue Job landing_to_staging current run state with status RUNNING","logger":"airflow.task.hooks.airflow.providers.amazon.aws.hooks.glue.GlueJobHook"}
{"timestamp":"2025-12-10T16:35:03.675430","level":"info","event":"Polling for AWS Glue Job landing_to_staging current run state with status RUNNING","logger":"airflow.task.hooks.airflow.providers.amazon.aws.hooks.glue.GlueJobHook"}
{"timestamp":"2025-12-10T16:35:09.801659","level":"info","event":"Polling for AWS Glue Job landing_to_staging current run state with status RUNNING","logger":"airflow.task.hooks.airflow.providers.amazon.aws.hooks.glue.GlueJobHook"}
{"timestamp":"2025-12-10T16:35:15.916719","level":"info","event":"Polling for AWS Glue Job landing_to_staging current run state with status RUNNING","logger":"airflow.task.hooks.airflow.providers.amazon.aws.hooks.glue.GlueJobHook"}
{"timestamp":"2025-12-10T16:35:22.033354","level":"info","event":"Polling for AWS Glue Job landing_to_staging current run state with status RUNNING","logger":"airflow.task.hooks.airflow.providers.amazon.aws.hooks.glue.GlueJobHook"}
{"timestamp":"2025-12-10T16:35:28.127567","level":"info","event":"Polling for AWS Glue Job landing_to_staging current run state with status RUNNING","logger":"airflow.task.hooks.airflow.providers.amazon.aws.hooks.glue.GlueJobHook"}
{"timestamp":"2025-12-10T16:35:34.245593","level":"info","event":"Polling for AWS Glue Job landing_to_staging current run state with status RUNNING","logger":"airflow.task.hooks.airflow.providers.amazon.aws.hooks.glue.GlueJobHook"}
{"timestamp":"2025-12-10T16:35:40.362297","level":"info","event":"Polling for AWS Glue Job landing_to_staging current run state with status RUNNING","logger":"airflow.task.hooks.airflow.providers.amazon.aws.hooks.glue.GlueJobHook"}
{"timestamp":"2025-12-10T16:35:46.495921","level":"info","event":"Polling for AWS Glue Job landing_to_staging current run state with status RUNNING","logger":"airflow.task.hooks.airflow.providers.amazon.aws.hooks.glue.GlueJobHook"}
{"timestamp":"2025-12-10T16:35:52.586791","level":"info","event":"Polling for AWS Glue Job landing_to_staging current run state with status RUNNING","logger":"airflow.task.hooks.airflow.providers.amazon.aws.hooks.glue.GlueJobHook"}
{"timestamp":"2025-12-10T16:35:58.671061","level":"info","event":"Polling for AWS Glue Job landing_to_staging current run state with status RUNNING","logger":"airflow.task.hooks.airflow.providers.amazon.aws.hooks.glue.GlueJobHook"}
{"timestamp":"2025-12-10T16:36:04.784985","level":"info","event":"Polling for AWS Glue Job landing_to_staging current run state with status RUNNING","logger":"airflow.task.hooks.airflow.providers.amazon.aws.hooks.glue.GlueJobHook"}
{"timestamp":"2025-12-10T16:36:10.875621","level":"info","event":"Exiting Job jr_b1bb30c90c5c171aec2e754ea42895915280703e7b5ebd462cb72cd8fcae35c7 Run State: SUCCEEDED","logger":"airflow.task.hooks.airflow.providers.amazon.aws.hooks.glue.GlueJobHook"}
{"timestamp":"2025-12-10T16:36:10.876041","level":"info","event":"AWS Glue Job: landing_to_staging status: SUCCEEDED. Run Id: jr_b1bb30c90c5c171aec2e754ea42895915280703e7b5ebd462cb72cd8fcae35c7","logger":"airflow.task.operators.airflow.providers.amazon.aws.operators.glue.GlueJobOperator"}
{"timestamp":"2025-12-10T16:36:10.876399","level":"info","event":"Pushing xcom","ti":"RuntimeTaskInstance(id=UUID('019b091d-60cf-79cc-9c8f-85cff03b05a3'), task_id='landing_to_staging_glue_job', dag_id='glue_job_trigger', run_id='manual__2025-12-10T16:34:38.756385+00:00', try_number=1, map_index=-1, hostname='112ac3a889d5', context_carrier={}, task=<Task(GlueJobOperator): landing_to_staging_glue_job>, bundle_instance=LocalDagBundle(name=dags-folder), max_tries=1, start_date=datetime.datetime(2025, 12, 10, 16, 34, 40, 148795, tzinfo=TzInfo(UTC)), end_date=None, is_mapped=False)","logger":"task"}
