{"timestamp":"2025-12-09T13:46:25.919632","level":"info","event":"DAG bundles loaded: dags-folder","logger":"airflow.dag_processing.bundles.manager.DagBundlesManager"}
{"timestamp":"2025-12-09T13:46:25.920725","level":"info","event":"Filling up the DagBag from /opt/airflow/dags/orchestrate_glue_job.py","logger":"airflow.models.dagbag.DagBag"}
{"timestamp":"2025-12-09T13:46:26.380736","level":"info","event":"Initializing AWS Glue Job: landing_to_staging. Wait for completion: True","logger":"airflow.task.operators.airflow.providers.amazon.aws.operators.glue.GlueJobOperator"}
{"timestamp":"2025-12-09T13:46:26.381072","level":"info","event":"Checking if job already exists: landing_to_staging","logger":"airflow.task.hooks.airflow.providers.amazon.aws.hooks.glue.GlueJobHook"}
{"timestamp":"2025-12-09T13:46:26.398004","level":"info","event":"Secrets backends loaded for worker","count":1,"backend_classes":["EnvironmentVariablesBackend"],"logger":"supervisor"}
{"timestamp":"2025-12-09T13:46:26.475787","level":"info","event":"Connection Retrieved 'aws_default'","logger":"airflow.hooks.base"}
{"timestamp":"2025-12-09T13:46:26.476133","level":"info","event":"AWS Connection (conn_id='aws_default', conn_type='aws') credentials retrieved from login and password.","logger":"airflow.providers.amazon.aws.utils.connection_wrapper.AwsConnectionWrapper"}
{"timestamp":"2025-12-09T13:46:26.476264","level":"info","event":"AWS Connection (conn_id='aws_default', conn_type='aws') session token retrieved from extra, please note you are responsible for renewing these.","logger":"airflow.providers.amazon.aws.utils.connection_wrapper.AwsConnectionWrapper"}
{"timestamp":"2025-12-09T13:46:28.212557","level":"info","event":"You can monitor this Glue Job run at: https://console.aws.amazon.com/gluestudio/home?region=ap-south-1#/job/landing_to_staging/run/jr_2ef6c3db4feb713533d50e83610e5a567b12642b996b9ebc9efd9806584623a7","logger":"airflow.task.operators.airflow.providers.amazon.aws.operators.glue.GlueJobOperator"}
{"timestamp":"2025-12-09T13:46:28.325883","level":"info","event":"Polling for AWS Glue Job landing_to_staging current run state with status RUNNING","logger":"airflow.task.hooks.airflow.providers.amazon.aws.hooks.glue.GlueJobHook"}
{"timestamp":"2025-12-09T13:46:34.462562","level":"info","event":"Polling for AWS Glue Job landing_to_staging current run state with status RUNNING","logger":"airflow.task.hooks.airflow.providers.amazon.aws.hooks.glue.GlueJobHook"}
{"timestamp":"2025-12-09T13:46:40.613557","level":"info","event":"Polling for AWS Glue Job landing_to_staging current run state with status RUNNING","logger":"airflow.task.hooks.airflow.providers.amazon.aws.hooks.glue.GlueJobHook"}
{"timestamp":"2025-12-09T13:46:46.740153","level":"info","event":"Polling for AWS Glue Job landing_to_staging current run state with status RUNNING","logger":"airflow.task.hooks.airflow.providers.amazon.aws.hooks.glue.GlueJobHook"}
{"timestamp":"2025-12-09T13:46:51.244598","level":"info","event":"Polling for AWS Glue Job landing_to_staging current run state with status RUNNING","logger":"airflow.task.hooks.airflow.providers.amazon.aws.hooks.glue.GlueJobHook"}
{"timestamp":"2025-12-09T13:46:57.385154","level":"info","event":"Polling for AWS Glue Job landing_to_staging current run state with status RUNNING","logger":"airflow.task.hooks.airflow.providers.amazon.aws.hooks.glue.GlueJobHook"}
{"timestamp":"2025-12-09T13:47:03.512042","level":"info","event":"Polling for AWS Glue Job landing_to_staging current run state with status RUNNING","logger":"airflow.task.hooks.airflow.providers.amazon.aws.hooks.glue.GlueJobHook"}
{"timestamp":"2025-12-09T13:47:09.647401","level":"info","event":"Polling for AWS Glue Job landing_to_staging current run state with status RUNNING","logger":"airflow.task.hooks.airflow.providers.amazon.aws.hooks.glue.GlueJobHook"}
{"timestamp":"2025-12-09T13:47:16.124844","level":"info","event":"Polling for AWS Glue Job landing_to_staging current run state with status RUNNING","logger":"airflow.task.hooks.airflow.providers.amazon.aws.hooks.glue.GlueJobHook"}
{"timestamp":"2025-12-09T13:47:20.714700","level":"info","event":"Polling for AWS Glue Job landing_to_staging current run state with status RUNNING","logger":"airflow.task.hooks.airflow.providers.amazon.aws.hooks.glue.GlueJobHook"}
{"timestamp":"2025-12-09T13:47:26.852822","level":"info","event":"Polling for AWS Glue Job landing_to_staging current run state with status RUNNING","logger":"airflow.task.hooks.airflow.providers.amazon.aws.hooks.glue.GlueJobHook"}
{"timestamp":"2025-12-09T13:47:32.973236","level":"info","event":"Polling for AWS Glue Job landing_to_staging current run state with status RUNNING","logger":"airflow.task.hooks.airflow.providers.amazon.aws.hooks.glue.GlueJobHook"}
{"timestamp":"2025-12-09T13:47:39.106931","level":"info","event":"Polling for AWS Glue Job landing_to_staging current run state with status RUNNING","logger":"airflow.task.hooks.airflow.providers.amazon.aws.hooks.glue.GlueJobHook"}
{"timestamp":"2025-12-09T13:47:43.537488","level":"info","event":"Polling for AWS Glue Job landing_to_staging current run state with status RUNNING","logger":"airflow.task.hooks.airflow.providers.amazon.aws.hooks.glue.GlueJobHook"}
{"timestamp":"2025-12-09T13:47:49.659831","level":"info","event":"Polling for AWS Glue Job landing_to_staging current run state with status RUNNING","logger":"airflow.task.hooks.airflow.providers.amazon.aws.hooks.glue.GlueJobHook"}
{"timestamp":"2025-12-09T13:47:55.794619","level":"info","event":"Polling for AWS Glue Job landing_to_staging current run state with status RUNNING","logger":"airflow.task.hooks.airflow.providers.amazon.aws.hooks.glue.GlueJobHook"}
{"timestamp":"2025-12-09T13:48:01.911074","level":"info","event":"Exiting Job jr_2ef6c3db4feb713533d50e83610e5a567b12642b996b9ebc9efd9806584623a7 Run State: FAILED","logger":"airflow.task.hooks.airflow.providers.amazon.aws.hooks.glue.GlueJobHook"}
{"timestamp":"2025-12-09T13:48:01.911352","level":"error","event":"Task failed with exception","logger":"task","error_detail":[{"exc_type":"AirflowException","exc_value":"Exiting Job jr_2ef6c3db4feb713533d50e83610e5a567b12642b996b9ebc9efd9806584623a7 Run State: FAILED","exc_notes":[],"syntax_error":null,"is_cause":false,"frames":[{"filename":"/home/airflow/.local/lib/python3.12/site-packages/airflow/sdk/execution_time/task_runner.py","lineno":825,"name":"run"},{"filename":"/home/airflow/.local/lib/python3.12/site-packages/airflow/sdk/execution_time/task_runner.py","lineno":1088,"name":"_execute_task"},{"filename":"/home/airflow/.local/lib/python3.12/site-packages/airflow/sdk/bases/operator.py","lineno":408,"name":"wrapper"},{"filename":"/home/airflow/.local/lib/python3.12/site-packages/airflow/providers/amazon/aws/operators/glue.py","lineno":233,"name":"execute"},{"filename":"/home/airflow/.local/lib/python3.12/site-packages/airflow/providers/amazon/aws/hooks/glue.py","lineno":319,"name":"job_completion"},{"filename":"/home/airflow/.local/lib/python3.12/site-packages/airflow/providers/amazon/aws/hooks/glue.py","lineno":367,"name":"_handle_state"}]}]}
