{"timestamp":"2025-12-09T13:39:03.077002","level":"info","event":"DAG bundles loaded: dags-folder","logger":"airflow.dag_processing.bundles.manager.DagBundlesManager"}
{"timestamp":"2025-12-09T13:39:03.077855","level":"info","event":"Filling up the DagBag from /opt/airflow/dags/orchestrate_glue_job.py","logger":"airflow.models.dagbag.DagBag"}
{"timestamp":"2025-12-09T13:39:03.718518","level":"info","event":"Initializing AWS Glue Job: landing_to_staging. Wait for completion: True","logger":"airflow.task.operators.airflow.providers.amazon.aws.operators.glue.GlueJobOperator"}
{"timestamp":"2025-12-09T13:39:03.718858","level":"info","event":"Checking if job already exists: landing_to_staging","logger":"airflow.task.hooks.airflow.providers.amazon.aws.hooks.glue.GlueJobHook"}
{"timestamp":"2025-12-09T13:39:03.721764","level":"info","event":"Secrets backends loaded for worker","count":1,"backend_classes":["EnvironmentVariablesBackend"],"logger":"supervisor"}
{"timestamp":"2025-12-09T13:39:03.792357","level":"info","event":"Connection Retrieved 'aws_default'","logger":"airflow.hooks.base"}
{"timestamp":"2025-12-09T13:39:03.792754","level":"info","event":"AWS Connection (conn_id='aws_default', conn_type='aws') credentials retrieved from login and password.","logger":"airflow.providers.amazon.aws.utils.connection_wrapper.AwsConnectionWrapper"}
{"timestamp":"2025-12-09T13:39:03.792882","level":"info","event":"AWS Connection (conn_id='aws_default', conn_type='aws') session token retrieved from extra, please note you are responsible for renewing these.","logger":"airflow.providers.amazon.aws.utils.connection_wrapper.AwsConnectionWrapper"}
{"timestamp":"2025-12-09T13:39:05.965223","level":"info","event":"You can monitor this Glue Job run at: https://console.aws.amazon.com/gluestudio/home?region=ap-south-1#/job/landing_to_staging/run/jr_7d1621756b913e8ff011e7352ab1102e5d3442e25d72a72e06e6ce85e07d2bf1","logger":"airflow.task.operators.airflow.providers.amazon.aws.operators.glue.GlueJobOperator"}
{"timestamp":"2025-12-09T13:39:06.091215","level":"info","event":"Polling for AWS Glue Job landing_to_staging current run state with status RUNNING","logger":"airflow.task.hooks.airflow.providers.amazon.aws.hooks.glue.GlueJobHook"}
{"timestamp":"2025-12-09T13:39:12.223635","level":"info","event":"Polling for AWS Glue Job landing_to_staging current run state with status RUNNING","logger":"airflow.task.hooks.airflow.providers.amazon.aws.hooks.glue.GlueJobHook"}
{"timestamp":"2025-12-09T13:39:16.810122","level":"info","event":"Polling for AWS Glue Job landing_to_staging current run state with status RUNNING","logger":"airflow.task.hooks.airflow.providers.amazon.aws.hooks.glue.GlueJobHook"}
{"timestamp":"2025-12-09T13:39:23.006497","level":"info","event":"Polling for AWS Glue Job landing_to_staging current run state with status RUNNING","logger":"airflow.task.hooks.airflow.providers.amazon.aws.hooks.glue.GlueJobHook"}
{"timestamp":"2025-12-09T13:39:29.159595","level":"info","event":"Polling for AWS Glue Job landing_to_staging current run state with status RUNNING","logger":"airflow.task.hooks.airflow.providers.amazon.aws.hooks.glue.GlueJobHook"}
{"timestamp":"2025-12-09T13:39:35.346708","level":"info","event":"Polling for AWS Glue Job landing_to_staging current run state with status RUNNING","logger":"airflow.task.hooks.airflow.providers.amazon.aws.hooks.glue.GlueJobHook"}
{"timestamp":"2025-12-09T13:39:41.496547","level":"info","event":"Polling for AWS Glue Job landing_to_staging current run state with status RUNNING","logger":"airflow.task.hooks.airflow.providers.amazon.aws.hooks.glue.GlueJobHook"}
{"timestamp":"2025-12-09T13:39:45.985002","level":"info","event":"Polling for AWS Glue Job landing_to_staging current run state with status RUNNING","logger":"airflow.task.hooks.airflow.providers.amazon.aws.hooks.glue.GlueJobHook"}
{"timestamp":"2025-12-09T13:39:52.111187","level":"info","event":"Polling for AWS Glue Job landing_to_staging current run state with status RUNNING","logger":"airflow.task.hooks.airflow.providers.amazon.aws.hooks.glue.GlueJobHook"}
{"timestamp":"2025-12-09T13:39:58.240789","level":"info","event":"Polling for AWS Glue Job landing_to_staging current run state with status RUNNING","logger":"airflow.task.hooks.airflow.providers.amazon.aws.hooks.glue.GlueJobHook"}
{"timestamp":"2025-12-09T13:40:04.350021","level":"info","event":"Polling for AWS Glue Job landing_to_staging current run state with status RUNNING","logger":"airflow.task.hooks.airflow.providers.amazon.aws.hooks.glue.GlueJobHook"}
{"timestamp":"2025-12-09T13:40:09.729886","level":"info","event":"Polling for AWS Glue Job landing_to_staging current run state with status RUNNING","logger":"airflow.task.hooks.airflow.providers.amazon.aws.hooks.glue.GlueJobHook"}
{"timestamp":"2025-12-09T13:40:14.957103","level":"info","event":"Polling for AWS Glue Job landing_to_staging current run state with status RUNNING","logger":"airflow.task.hooks.airflow.providers.amazon.aws.hooks.glue.GlueJobHook"}
{"timestamp":"2025-12-09T13:40:21.068249","level":"info","event":"Polling for AWS Glue Job landing_to_staging current run state with status RUNNING","logger":"airflow.task.hooks.airflow.providers.amazon.aws.hooks.glue.GlueJobHook"}
{"timestamp":"2025-12-09T13:40:27.214140","level":"info","event":"Polling for AWS Glue Job landing_to_staging current run state with status RUNNING","logger":"airflow.task.hooks.airflow.providers.amazon.aws.hooks.glue.GlueJobHook"}
{"timestamp":"2025-12-09T13:40:33.342328","level":"info","event":"Polling for AWS Glue Job landing_to_staging current run state with status RUNNING","logger":"airflow.task.hooks.airflow.providers.amazon.aws.hooks.glue.GlueJobHook"}
{"timestamp":"2025-12-09T13:40:37.936270","level":"info","event":"Polling for AWS Glue Job landing_to_staging current run state with status RUNNING","logger":"airflow.task.hooks.airflow.providers.amazon.aws.hooks.glue.GlueJobHook"}
{"timestamp":"2025-12-09T13:40:44.110000","level":"info","event":"Polling for AWS Glue Job landing_to_staging current run state with status RUNNING","logger":"airflow.task.hooks.airflow.providers.amazon.aws.hooks.glue.GlueJobHook"}
{"timestamp":"2025-12-09T13:40:50.224904","level":"info","event":"Polling for AWS Glue Job landing_to_staging current run state with status RUNNING","logger":"airflow.task.hooks.airflow.providers.amazon.aws.hooks.glue.GlueJobHook"}
{"timestamp":"2025-12-09T13:40:56.351687","level":"info","event":"Polling for AWS Glue Job landing_to_staging current run state with status RUNNING","logger":"airflow.task.hooks.airflow.providers.amazon.aws.hooks.glue.GlueJobHook"}
{"timestamp":"2025-12-09T13:41:02.445511","level":"info","event":"Polling for AWS Glue Job landing_to_staging current run state with status RUNNING","logger":"airflow.task.hooks.airflow.providers.amazon.aws.hooks.glue.GlueJobHook"}
{"timestamp":"2025-12-09T13:41:06.871961","level":"info","event":"Polling for AWS Glue Job landing_to_staging current run state with status RUNNING","logger":"airflow.task.hooks.airflow.providers.amazon.aws.hooks.glue.GlueJobHook"}
{"timestamp":"2025-12-09T13:41:13.004224","level":"info","event":"Polling for AWS Glue Job landing_to_staging current run state with status RUNNING","logger":"airflow.task.hooks.airflow.providers.amazon.aws.hooks.glue.GlueJobHook"}
{"timestamp":"2025-12-09T13:41:19.158597","level":"info","event":"Polling for AWS Glue Job landing_to_staging current run state with status RUNNING","logger":"airflow.task.hooks.airflow.providers.amazon.aws.hooks.glue.GlueJobHook"}
{"timestamp":"2025-12-09T13:41:25.240566","level":"info","event":"Exiting Job jr_7d1621756b913e8ff011e7352ab1102e5d3442e25d72a72e06e6ce85e07d2bf1 Run State: FAILED","logger":"airflow.task.hooks.airflow.providers.amazon.aws.hooks.glue.GlueJobHook"}
{"timestamp":"2025-12-09T13:41:25.241442","level":"error","event":"Task failed with exception","logger":"task","error_detail":[{"exc_type":"AirflowException","exc_value":"Exiting Job jr_7d1621756b913e8ff011e7352ab1102e5d3442e25d72a72e06e6ce85e07d2bf1 Run State: FAILED","exc_notes":[],"syntax_error":null,"is_cause":false,"frames":[{"filename":"/home/airflow/.local/lib/python3.12/site-packages/airflow/sdk/execution_time/task_runner.py","lineno":825,"name":"run"},{"filename":"/home/airflow/.local/lib/python3.12/site-packages/airflow/sdk/execution_time/task_runner.py","lineno":1088,"name":"_execute_task"},{"filename":"/home/airflow/.local/lib/python3.12/site-packages/airflow/sdk/bases/operator.py","lineno":408,"name":"wrapper"},{"filename":"/home/airflow/.local/lib/python3.12/site-packages/airflow/providers/amazon/aws/operators/glue.py","lineno":233,"name":"execute"},{"filename":"/home/airflow/.local/lib/python3.12/site-packages/airflow/providers/amazon/aws/hooks/glue.py","lineno":319,"name":"job_completion"},{"filename":"/home/airflow/.local/lib/python3.12/site-packages/airflow/providers/amazon/aws/hooks/glue.py","lineno":367,"name":"_handle_state"}]}]}
